// Jest Snapshot v1, https://goo.gl/fbAQLP

exports[`matches snapshot 1`] = `
<DocumentFragment>
  <nav
    class="navbar navbar-expand navbar-light fixed-bottom"
  >
    <small>
      The information on travel activities in this website is provided by the Tours and Activities API by Amadeus for Developers located at https://developers.amadeus.com/self-service/category/destination-content/api-doc/tours-and-activities/api-reference. Furthermore, this site also uses the Geocoding API located at https://developers.google.com/maps/documentation/geocoding/overview
    </small>
  </nav>
</DocumentFragment>
`;
